Component: ARM Compiler 5.06 update 4 (build 422) Tool: armlink [4d35d2]

==============================================================================

Section Cross References

    blinky.o(.text) refers to led_mcb1700.o(.text) for LED_GetCount
    blinky.o(.text) refers to system_lpc17xx.o(.text) for SystemCoreClockUpdate
    blinky.o(.text) refers to blinky.o(.data) for ticks
    blinky.o(.text) refers to system_lpc17xx.o(.data) for SystemCoreClock
    led_mcb1700.o(.text) refers to gpio_lpc17xx.o(.text) for GPIO_PortClock
    led_mcb1700.o(.text) refers to pin_lpc17xx.o(.text) for PIN_Configure
    led_mcb1700.o(.text) refers to led_mcb1700.o(.constdata) for LED_PIN
    startup_lpc17xx.o(RESET) refers to startup_lpc17xx.o(STACK) for __initial_sp
    startup_lpc17xx.o(RESET) refers to startup_lpc17xx.o(.text) for Reset_Handler
    startup_lpc17xx.o(RESET) refers to blinky.o(.text) for SysTick_Handler
    startup_lpc17xx.o(.text) refers to system_lpc17xx.o(.text) for SystemInit
    startup_lpc17xx.o(.text) refers to entry.o(.ARM.Collect$$$$00000000) for __main
    system_lpc17xx.o(.text) refers to uldiv.o(.text) for __aeabi_uldivmod
    system_lpc17xx.o(.text) refers to system_lpc17xx.o(.data) for SystemCoreClock
    entry.o(.ARM.Collect$$$$00000000) refers (Special) to entry10a.o(.ARM.Collect$$$$0000000D) for __rt_final_cpp
    entry.o(.ARM.Collect$$$$00000000) refers (Special) to entry11a.o(.ARM.Collect$$$$0000000F) for __rt_final_exit
    entry.o(.ARM.Collect$$$$00000000) refers (Special) to entry7b.o(.ARM.Collect$$$$00000008) for _main_clock
    entry.o(.ARM.Collect$$$$00000000) refers (Special) to entry8b.o(.ARM.Collect$$$$0000000A) for _main_cpp_init
    entry.o(.ARM.Collect$$$$00000000) refers (Special) to entry9a.o(.ARM.Collect$$$$0000000B) for _main_init
    entry.o(.ARM.Collect$$$$00000000) refers (Special) to entry5.o(.ARM.Collect$$$$00000004) for _main_scatterload
    entry.o(.ARM.Collect$$$$00000000) refers (Special) to entry2.o(.ARM.Collect$$$$00000001) for _main_stk
    uldiv.o(.text) refers to llushr.o(.text) for __aeabi_llsr
    uldiv.o(.text) refers to llshl.o(.text) for __aeabi_llsl
    entry2.o(.ARM.Collect$$$$00000001) refers to entry2.o(.ARM.Collect$$$$00002712) for __lit__00000000
    entry2.o(.ARM.Collect$$$$00002712) refers to startup_lpc17xx.o(STACK) for __initial_sp
    entry2.o(__vectab_stack_and_reset_area) refers to startup_lpc17xx.o(STACK) for __initial_sp
    entry2.o(__vectab_stack_and_reset_area) refers to entry.o(.ARM.Collect$$$$00000000) for __main
    entry5.o(.ARM.Collect$$$$00000004) refers to init.o(.text) for __scatterload
    entry9a.o(.ARM.Collect$$$$0000000B) refers to blinky.o(.text) for main
    entry9b.o(.ARM.Collect$$$$0000000C) refers to blinky.o(.text) for main
    init.o(.text) refers to entry5.o(.ARM.Collect$$$$00000004) for __main_after_scatterload


==============================================================================

Removing Unused input sections from the image.

    Removing blinky.o(.rev16_text), (4 bytes).
    Removing blinky.o(.revsh_text), (4 bytes).
    Removing blinky.o(.rrx_text), (6 bytes).
    Removing gpio_lpc17xx.o(.rev16_text), (4 bytes).
    Removing gpio_lpc17xx.o(.revsh_text), (4 bytes).
    Removing gpio_lpc17xx.o(.rrx_text), (6 bytes).
    Removing pin_lpc17xx.o(.rev16_text), (4 bytes).
    Removing pin_lpc17xx.o(.revsh_text), (4 bytes).
    Removing pin_lpc17xx.o(.rrx_text), (6 bytes).
    Removing startup_lpc17xx.o(HEAP), (0 bytes).
    Removing system_lpc17xx.o(.rev16_text), (4 bytes).
    Removing system_lpc17xx.o(.revsh_text), (4 bytes).
    Removing system_lpc17xx.o(.rrx_text), (6 bytes).

13 unused section(s) (total 56 bytes) removed from the image.

==============================================================================

Image Symbol Table

    Local Symbols

    Symbol Name                              Value     Ov Type        Size  Object(Section)

    RESET                                    0x00000000   Section      204  startup_lpc17xx.o(RESET)
    ../clib/microlib/division.c              0x00000000   Number         0  uldiv.o ABSOLUTE
    ../clib/microlib/init/entry.s            0x00000000   Number         0  entry8a.o ABSOLUTE
    ../clib/microlib/init/entry.s            0x00000000   Number         0  entry11a.o ABSOLUTE
    ../clib/microlib/init/entry.s            0x00000000   Number         0  entry10b.o ABSOLUTE
    ../clib/microlib/init/entry.s            0x00000000   Number         0  entry2.o ABSOLUTE
    ../clib/microlib/init/entry.s            0x00000000   Number         0  entry10a.o ABSOLUTE
    ../clib/microlib/init/entry.s            0x00000000   Number         0  entry5.o ABSOLUTE
    ../clib/microlib/init/entry.s            0x00000000   Number         0  entry.o ABSOLUTE
    ../clib/microlib/init/entry.s            0x00000000   Number         0  entry9b.o ABSOLUTE
    ../clib/microlib/init/entry.s            0x00000000   Number         0  entry7a.o ABSOLUTE
    ../clib/microlib/init/entry.s            0x00000000   Number         0  entry7b.o ABSOLUTE
    ../clib/microlib/init/entry.s            0x00000000   Number         0  entry9a.o ABSOLUTE
    ../clib/microlib/init/entry.s            0x00000000   Number         0  entry8b.o ABSOLUTE
    ../clib/microlib/init/entry.s            0x00000000   Number         0  entry11b.o ABSOLUTE
    ../clib/microlib/longlong.c              0x00000000   Number         0  llushr.o ABSOLUTE
    ../clib/microlib/longlong.c              0x00000000   Number         0  llshl.o ABSOLUTE
    Blinky.c                                 0x00000000   Number         0  blinky.o ABSOLUTE
    Blinky.c                                 0x00000000   Number         0  blinky.o ABSOLUTE
    C:\Keil_v5\ARM\PACK\Keil\LPC1700_DFP\2.3.0\Boards\Keil\MCB1700\Common\LED_MCB1700.c 0x00000000   Number         0  led_mcb1700.o ABSOLUTE
    C:\Keil_v5\ARM\PACK\Keil\LPC1700_DFP\2.3.0\RTE_Driver\GPIO_LPC17xx.c 0x00000000   Number         0  gpio_lpc17xx.o ABSOLUTE
    C:\Keil_v5\ARM\PACK\Keil\LPC1700_DFP\2.3.0\RTE_Driver\PIN_LPC17xx.c 0x00000000   Number         0  pin_lpc17xx.o ABSOLUTE
    C:\\Keil_v5\\ARM\\PACK\\Keil\\LPC1700_DFP\\2.3.0\\RTE_Driver\\GPIO_LPC17xx.c 0x00000000   Number         0  gpio_lpc17xx.o ABSOLUTE
    C:\\Keil_v5\\ARM\\PACK\\Keil\\LPC1700_DFP\\2.3.0\\RTE_Driver\\PIN_LPC17xx.c 0x00000000   Number         0  pin_lpc17xx.o ABSOLUTE
    RTE\Device\LPC1768\startup_LPC17xx.s     0x00000000   Number         0  startup_lpc17xx.o ABSOLUTE
    RTE\Device\LPC1768\system_LPC17xx.c      0x00000000   Number         0  system_lpc17xx.o ABSOLUTE
    RTE\\Device\\LPC1768\\system_LPC17xx.c   0x00000000   Number         0  system_lpc17xx.o ABSOLUTE
    dc.s                                     0x00000000   Number         0  dc.o ABSOLUTE
    handlers.s                               0x00000000   Number         0  handlers.o ABSOLUTE
    init.s                                   0x00000000   Number         0  init.o ABSOLUTE
    .ARM.Collect$$$$00000000                 0x000000cc   Section        0  entry.o(.ARM.Collect$$$$00000000)
    .ARM.Collect$$$$00000001                 0x000000cc   Section        4  entry2.o(.ARM.Collect$$$$00000001)
    .ARM.Collect$$$$00000004                 0x000000d0   Section        4  entry5.o(.ARM.Collect$$$$00000004)
    .ARM.Collect$$$$00000008                 0x000000d4   Section        0  entry7b.o(.ARM.Collect$$$$00000008)
    .ARM.Collect$$$$0000000A                 0x000000d4   Section        0  entry8b.o(.ARM.Collect$$$$0000000A)
    .ARM.Collect$$$$0000000B                 0x000000d4   Section        8  entry9a.o(.ARM.Collect$$$$0000000B)
    .ARM.Collect$$$$0000000D                 0x000000dc   Section        0  entry10a.o(.ARM.Collect$$$$0000000D)
    .ARM.Collect$$$$0000000F                 0x000000dc   Section        0  entry11a.o(.ARM.Collect$$$$0000000F)
    .ARM.Collect$$$$00002712                 0x000000dc   Section        4  entry2.o(.ARM.Collect$$$$00002712)
    __lit__00000000                          0x000000dc   Data           4  entry2.o(.ARM.Collect$$$$00002712)
    .text                                    0x000000e0   Section        0  blinky.o(.text)
    .text                                    0x000001d8   Section        0  led_mcb1700.o(.text)
    .text                                    0x000002c4   Section       36  startup_lpc17xx.o(.text)
    i.__scatterload_copy                     0x000002e8   Section       14  handlers.o(i.__scatterload_copy)
    i.__scatterload_null                     0x000002f6   Section        2  handlers.o(i.__scatterload_null)
    .ARM.__at_0x02FC                         0x000002fc   Section        4  startup_lpc17xx.o(.ARM.__at_0x02FC)
    .text                                    0x00000300   Section        0  gpio_lpc17xx.o(.text)
    .text                                    0x000003cc   Section        0  pin_lpc17xx.o(.text)
    .text                                    0x00000508   Section        0  system_lpc17xx.o(.text)
    .text                                    0x000007f8   Section        0  uldiv.o(.text)
    .text                                    0x0000085a   Section        0  llshl.o(.text)
    .text                                    0x00000878   Section        0  llushr.o(.text)
    .text                                    0x00000898   Section       36  init.o(.text)
    i.__scatterload_zeroinit                 0x000008bc   Section       14  handlers.o(i.__scatterload_zeroinit)
    .constdata                               0x000008ca   Section       16  led_mcb1700.o(.constdata)
    .data                                    0x10000000   Section       12  blinky.o(.data)
    ticks                                    0x10000008   Data           4  blinky.o(.data)
    .data                                    0x1000000c   Section        4  system_lpc17xx.o(.data)
    STACK                                    0x10000010   Section      512  startup_lpc17xx.o(STACK)

    Global Symbols

    Symbol Name                              Value     Ov Type        Size  Object(Section)

    BuildAttributes$$THM_ISAv4$P$D$K$B$S$PE$A:L22UL41UL21$X:L11$S22US41US21$IEEE1$IW$USESV6$~STKCKD$USESV7$~SHL$OSPACE$EBA8$MICROLIB$REQ8$PRES8$EABIv2 0x00000000   Number         0  anon$$obj.o ABSOLUTE
    __ARM_use_no_argv                        0x00000000   Number         0  blinky.o ABSOLUTE
    __Vectors                                0x00000000   Data           4  startup_lpc17xx.o(RESET)
    __cpp_initialize__aeabi_                  - Undefined Weak Reference
    __cxa_finalize                            - Undefined Weak Reference
    __decompress                              - Undefined Weak Reference
    _clock_init                               - Undefined Weak Reference
    _microlib_exit                            - Undefined Weak Reference
    __main                                   0x000000cd   Thumb Code     0  entry.o(.ARM.Collect$$$$00000000)
    _main_stk                                0x000000cd   Thumb Code     0  entry2.o(.ARM.Collect$$$$00000001)
    _main_scatterload                        0x000000d1   Thumb Code     0  entry5.o(.ARM.Collect$$$$00000004)
    __main_after_scatterload                 0x000000d5   Thumb Code     0  entry5.o(.ARM.Collect$$$$00000004)
    _main_clock                              0x000000d5   Thumb Code     0  entry7b.o(.ARM.Collect$$$$00000008)
    _main_cpp_init                           0x000000d5   Thumb Code     0  entry8b.o(.ARM.Collect$$$$0000000A)
    _main_init                               0x000000d5   Thumb Code     0  entry9a.o(.ARM.Collect$$$$0000000B)
    __rt_final_cpp                           0x000000dd   Thumb Code     0  entry10a.o(.ARM.Collect$$$$0000000D)
    __rt_final_exit                          0x000000dd   Thumb Code     0  entry11a.o(.ARM.Collect$$$$0000000F)
    SysTick_Handler                          0x000000e1   Thumb Code    68  blinky.o(.text)
    main                                     0x00000125   Thumb Code   156  blinky.o(.text)
    LED_Initialize                           0x000001d9   Thumb Code    88  led_mcb1700.o(.text)
    LED_Uninitialize                         0x00000231   Thumb Code    42  led_mcb1700.o(.text)
    LED_On                                   0x0000025b   Thumb Code    28  led_mcb1700.o(.text)
    LED_Off                                  0x00000277   Thumb Code    28  led_mcb1700.o(.text)
    LED_SetOut                               0x00000293   Thumb Code    40  led_mcb1700.o(.text)
    LED_GetCount                             0x000002bb   Thumb Code     4  led_mcb1700.o(.text)
    Reset_Handler                            0x000002c5   Thumb Code     8  startup_lpc17xx.o(.text)
    NMI_Handler                              0x000002cd   Thumb Code     2  startup_lpc17xx.o(.text)
    HardFault_Handler                        0x000002cf   Thumb Code     2  startup_lpc17xx.o(.text)
    MemManage_Handler                        0x000002d1   Thumb Code     2  startup_lpc17xx.o(.text)
    BusFault_Handler                         0x000002d3   Thumb Code     2  startup_lpc17xx.o(.text)
    UsageFault_Handler                       0x000002d5   Thumb Code     2  startup_lpc17xx.o(.text)
    SVC_Handler                              0x000002d7   Thumb Code     2  startup_lpc17xx.o(.text)
    DebugMon_Handler                         0x000002d9   Thumb Code     2  startup_lpc17xx.o(.text)
    PendSV_Handler                           0x000002db   Thumb Code     2  startup_lpc17xx.o(.text)
    ADC_IRQHandler                           0x000002df   Thumb Code     0  startup_lpc17xx.o(.text)
    BOD_IRQHandler                           0x000002df   Thumb Code     0  startup_lpc17xx.o(.text)
    CANActivity_IRQHandler                   0x000002df   Thumb Code     0  startup_lpc17xx.o(.text)
    CAN_IRQHandler                           0x000002df   Thumb Code     0  startup_lpc17xx.o(.text)
    DMA_IRQHandler                           0x000002df   Thumb Code     0  startup_lpc17xx.o(.text)
    EINT0_IRQHandler                         0x000002df   Thumb Code     0  startup_lpc17xx.o(.text)
    EINT1_IRQHandler                         0x000002df   Thumb Code     0  startup_lpc17xx.o(.text)
    EINT2_IRQHandler                         0x000002df   Thumb Code     0  startup_lpc17xx.o(.text)
    EINT3_IRQHandler                         0x000002df   Thumb Code     0  startup_lpc17xx.o(.text)
    ENET_IRQHandler                          0x000002df   Thumb Code     0  startup_lpc17xx.o(.text)
    I2C0_IRQHandler                          0x000002df   Thumb Code     0  startup_lpc17xx.o(.text)
    I2C1_IRQHandler                          0x000002df   Thumb Code     0  startup_lpc17xx.o(.text)
    I2C2_IRQHandler                          0x000002df   Thumb Code     0  startup_lpc17xx.o(.text)
    I2S_IRQHandler                           0x000002df   Thumb Code     0  startup_lpc17xx.o(.text)
    MCPWM_IRQHandler                         0x000002df   Thumb Code     0  startup_lpc17xx.o(.text)
    PLL0_IRQHandler                          0x000002df   Thumb Code     0  startup_lpc17xx.o(.text)
    PLL1_IRQHandler                          0x000002df   Thumb Code     0  startup_lpc17xx.o(.text)
    PWM1_IRQHandler                          0x000002df   Thumb Code     0  startup_lpc17xx.o(.text)
    QEI_IRQHandler                           0x000002df   Thumb Code     0  startup_lpc17xx.o(.text)
    RIT_IRQHandler                           0x000002df   Thumb Code     0  startup_lpc17xx.o(.text)
    RTC_IRQHandler                           0x000002df   Thumb Code     0  startup_lpc17xx.o(.text)
    SPI_IRQHandler                           0x000002df   Thumb Code     0  startup_lpc17xx.o(.text)
    SSP0_IRQHandler                          0x000002df   Thumb Code     0  startup_lpc17xx.o(.text)
    SSP1_IRQHandler                          0x000002df   Thumb Code     0  startup_lpc17xx.o(.text)
    TIMER0_IRQHandler                        0x000002df   Thumb Code     0  startup_lpc17xx.o(.text)
    TIMER1_IRQHandler                        0x000002df   Thumb Code     0  startup_lpc17xx.o(.text)
    TIMER2_IRQHandler                        0x000002df   Thumb Code     0  startup_lpc17xx.o(.text)
    TIMER3_IRQHandler                        0x000002df   Thumb Code     0  startup_lpc17xx.o(.text)
    UART0_IRQHandler                         0x000002df   Thumb Code     0  startup_lpc17xx.o(.text)
    UART1_IRQHandler                         0x000002df   Thumb Code     0  startup_lpc17xx.o(.text)
    UART2_IRQHandler                         0x000002df   Thumb Code     0  startup_lpc17xx.o(.text)
    UART3_IRQHandler                         0x000002df   Thumb Code     0  startup_lpc17xx.o(.text)
    USBActivity_IRQHandler                   0x000002df   Thumb Code     0  startup_lpc17xx.o(.text)
    USB_IRQHandler                           0x000002df   Thumb Code     0  startup_lpc17xx.o(.text)
    WDT_IRQHandler                           0x000002df   Thumb Code     0  startup_lpc17xx.o(.text)
    __scatterload_copy                       0x000002e9   Thumb Code    14  handlers.o(i.__scatterload_copy)
    __scatterload_null                       0x000002f7   Thumb Code     2  handlers.o(i.__scatterload_null)
    GPIO_PortClock                           0x00000301   Thumb Code    38  gpio_lpc17xx.o(.text)
    GPIO_SetDir                              0x00000327   Thumb Code    52  gpio_lpc17xx.o(.text)
    GPIO_PinWrite                            0x0000035b   Thumb Code    36  gpio_lpc17xx.o(.text)
    GPIO_PinRead                             0x0000037f   Thumb Code    28  gpio_lpc17xx.o(.text)
    GPIO_PortWrite                           0x0000039b   Thumb Code    26  gpio_lpc17xx.o(.text)
    GPIO_PortRead                            0x000003b5   Thumb Code    14  gpio_lpc17xx.o(.text)
    PIN_Configure                            0x000003cd   Thumb Code   246  pin_lpc17xx.o(.text)
    PIN_ConfigureTPIU                        0x000004c3   Thumb Code    36  pin_lpc17xx.o(.text)
    PIN_ConfigureI2C0Pins                    0x000004e7   Thumb Code    28  pin_lpc17xx.o(.text)
    SystemCoreClockUpdate                    0x00000509   Thumb Code   408  system_lpc17xx.o(.text)
    SystemInit                               0x000006a1   Thumb Code   314  system_lpc17xx.o(.text)
    __aeabi_uldivmod                         0x000007f9   Thumb Code    98  uldiv.o(.text)
    __aeabi_llsl                             0x0000085b   Thumb Code    30  llshl.o(.text)
    _ll_shift_l                              0x0000085b   Thumb Code     0  llshl.o(.text)
    __aeabi_llsr                             0x00000879   Thumb Code    32  llushr.o(.text)
    _ll_ushift_r                             0x00000879   Thumb Code     0  llushr.o(.text)
    __scatterload                            0x00000899   Thumb Code    28  init.o(.text)
    __scatterload_rt2                        0x00000899   Thumb Code     0  init.o(.text)
    __scatterload_zeroinit                   0x000008bd   Thumb Code    14  handlers.o(i.__scatterload_zeroinit)
    LED_PIN                                  0x000008ca   Data          16  led_mcb1700.o(.constdata)
    Region$$Table$$Base                      0x000008dc   Number         0  anon$$obj.o(Region$$Table)
    Region$$Table$$Limit                     0x000008fc   Number         0  anon$$obj.o(Region$$Table)
    LEDOn                                    0x10000000   Data           4  blinky.o(.data)
    LEDOff                                   0x10000004   Data           4  blinky.o(.data)
    SystemCoreClock                          0x1000000c   Data           4  system_lpc17xx.o(.data)
    __initial_sp                             0x10000210   Data           0  startup_lpc17xx.o(STACK)



==============================================================================

Memory Map of the image

  Image Entry point : 0x000000cd

  Load Region LR_IROM1 (Base: 0x00000000, Size: 0x0000090c, Max: 0x00080000, ABSOLUTE)

    Execution Region ER_IROM1 (Base: 0x00000000, Size: 0x000008fc, Max: 0x00080000, ABSOLUTE)

    Base Addr    Size         Type   Attr      Idx    E Section Name        Object

    0x00000000   0x000000cc   Data   RO          132    RESET               startup_lpc17xx.o
    0x000000cc   0x00000000   Code   RO          170  * .ARM.Collect$$$$00000000  mc_w.l(entry.o)
    0x000000cc   0x00000004   Code   RO          175    .ARM.Collect$$$$00000001  mc_w.l(entry2.o)
    0x000000d0   0x00000004   Code   RO          178    .ARM.Collect$$$$00000004  mc_w.l(entry5.o)
    0x000000d4   0x00000000   Code   RO          180    .ARM.Collect$$$$00000008  mc_w.l(entry7b.o)
    0x000000d4   0x00000000   Code   RO          182    .ARM.Collect$$$$0000000A  mc_w.l(entry8b.o)
    0x000000d4   0x00000008   Code   RO          183    .ARM.Collect$$$$0000000B  mc_w.l(entry9a.o)
    0x000000dc   0x00000000   Code   RO          185    .ARM.Collect$$$$0000000D  mc_w.l(entry10a.o)
    0x000000dc   0x00000000   Code   RO          187    .ARM.Collect$$$$0000000F  mc_w.l(entry11a.o)
    0x000000dc   0x00000004   Code   RO          176    .ARM.Collect$$$$00002712  mc_w.l(entry2.o)
    0x000000e0   0x000000f8   Code   RO            4    .text               blinky.o
    0x000001d8   0x000000ec   Code   RO           54    .text               led_mcb1700.o
    0x000002c4   0x00000024   Code   RO          134    .text               startup_lpc17xx.o
    0x000002e8   0x0000000e   Code   RO          197    i.__scatterload_copy  mc_w.l(handlers.o)
    0x000002f6   0x00000002   Code   RO          198    i.__scatterload_null  mc_w.l(handlers.o)
    0x000002f8   0x00000004   PAD
    0x000002fc   0x00000004   Code   RO          133    .ARM.__at_0x02FC    startup_lpc17xx.o
    0x00000300   0x000000cc   Code   RO           81    .text               gpio_lpc17xx.o
    0x000003cc   0x0000013c   Code   RO          109    .text               pin_lpc17xx.o
    0x00000508   0x000002f0   Code   RO          143    .text               system_lpc17xx.o
    0x000007f8   0x00000062   Code   RO          173    .text               mc_w.l(uldiv.o)
    0x0000085a   0x0000001e   Code   RO          189    .text               mc_w.l(llshl.o)
    0x00000878   0x00000020   Code   RO          191    .text               mc_w.l(llushr.o)
    0x00000898   0x00000024   Code   RO          193    .text               mc_w.l(init.o)
    0x000008bc   0x0000000e   Code   RO          199    i.__scatterload_zeroinit  mc_w.l(handlers.o)
    0x000008ca   0x00000010   Data   RO           55    .constdata          led_mcb1700.o
    0x000008da   0x00000002   PAD
    0x000008dc   0x00000020   Data   RO          195    Region$$Table       anon$$obj.o


    Execution Region RW_IRAM1 (Base: 0x10000000, Size: 0x00000210, Max: 0x00008000, ABSOLUTE)

    Base Addr    Size         Type   Attr      Idx    E Section Name        Object

    0x10000000   0x0000000c   Data   RW            5    .data               blinky.o
    0x1000000c   0x00000004   Data   RW          144    .data               system_lpc17xx.o
    0x10000010   0x00000200   Zero   RW          130    STACK               startup_lpc17xx.o


==============================================================================

Image component sizes


      Code (inc. data)   RO Data    RW Data    ZI Data      Debug   Object Name

       248         24          0         12          0      49041   blinky.o
       204         10          0          0          0       1681   gpio_lpc17xx.o
       236          6         16          0          0       3155   led_mcb1700.o
       316          6          0          0          0       1348   pin_lpc17xx.o
        40         12        204          0        512       1020   startup_lpc17xx.o
       752         30          0          4          0       1109   system_lpc17xx.o

    ----------------------------------------------------------------------
      1796         88        254         16        512      57354   Object Totals
         0          0         32          0          0          0   (incl. Generated)
         0          0          2          0          0          0   (incl. Padding)

    ----------------------------------------------------------------------

      Code (inc. data)   RO Data    RW Data    ZI Data      Debug   Library Member Name

         0          0          0          0          0          0   entry.o
         0          0          0          0          0          0   entry10a.o
         0          0          0          0          0          0   entry11a.o
         8          4          0          0          0          0   entry2.o
         4          0          0          0          0          0   entry5.o
         0          0          0          0          0          0   entry7b.o
         0          0          0          0          0          0   entry8b.o
         8          4          0          0          0          0   entry9a.o
        30          0          0          0          0          0   handlers.o
        36          8          0          0          0         68   init.o
        30          0          0          0          0         68   llshl.o
        32          0          0          0          0         68   llushr.o
        98          0          0          0          0         92   uldiv.o

    ----------------------------------------------------------------------
       250         16          0          0          0        296   Library Totals
         4          0          0          0          0          0   (incl. Padding)

    ----------------------------------------------------------------------

      Code (inc. data)   RO Data    RW Data    ZI Data      Debug   Library Name

       246         16          0          0          0        296   mc_w.l

    ----------------------------------------------------------------------
       250         16          0          0          0        296   Library Totals

    ----------------------------------------------------------------------

==============================================================================


      Code (inc. data)   RO Data    RW Data    ZI Data      Debug   

      2046        104        254         16        512      57386   Grand Totals
      2046        104        254         16        512      57386   ELF Image Totals
      2046        104        254         16          0          0   ROM Totals

==============================================================================

    Total RO  Size (Code + RO Data)                 2300 (   2.25kB)
    Total RW  Size (RW Data + ZI Data)               528 (   0.52kB)
    Total ROM Size (Code + RO Data + RW Data)       2316 (   2.26kB)

==============================================================================

